// Jest Snapshot v1, https://goo.gl/fbAQLP

exports[`CreditCardFormInput rendering renders the component 1`] = `<div class="credit-card-form-input"></div>`;
