// Jest Snapshot v1, https://goo.gl/fbAQLP

exports[`CreditCardLogo renders component 1`] = `<div class="credit-card-logo"></div>`;
